# **************************************************************************** #
#                                                                              #
#                                                         :::      ::::::::    #
#    test2.map                                          :+:      :+:    :+:    #
#                                                     +:+ +:+         +:+      #
#    By: ccazuc <marvin@42.fr>                      +#+  +:+       +#+         #
#                                                 +#+#+#+#+#+   +#+            #
#    Created: 2018/01/02 15:01:27 by ccazuc            #+#    #+#              #
#    Updated: 2018/01/02 15:23:51 by ccazuc           ###   ########.fr        #
#                                                                              #
# **************************************************************************** #

sphere pos 0 0 50001 color 0 0 0 scale 50001
sphere pos 0 0 -50001 color 0 0 0 scale 50001
sphere pos 0 50001 0 color 0 0 0 scale 50001
sphere pos 0 -50001 0color 0 0 0 scale 50001
sphere pos 50001 0 0 color 0 0 0 scale 50001
sphere pos -50001 0 0 color 0 0 0 scale 50001

camera	pos	0	0	0	rot	0	0	0
light	pos	0 1 0	power	5	color	255	255	255
light	pos	0	-1	0	power	3	color	255	255	255
