# **************************************************************************** #
#                                                                              #
#                                                         :::      ::::::::    #
#    test.map                                           :+:      :+:    :+:    #
#                                                     +:+ +:+         +:+      #
#    By: ccazuc <marvin@42.fr>                      +#+  +:+       +#+         #
#                                                 +#+#+#+#+#+   +#+            #
#    Created: 2017/11/15 13:46:35 by ccazuc            #+#    #+#              #
#    Updated: 2017/12/20 09:12:21 by ccazuc           ###   ########.fr        #
#                                                                              #
# **************************************************************************** #

trIanGLE	color	1	2	3	pos	4	5	5			scale	1
sphere		color	180	0	100	pos	-8	-2	57	rot	0	0	0	scale	2
sphere		color	120	100	0	pos	-17	-5	50	scale 7
cylindre	color	255	0	0	pos	0	0	50	rot	120	120	120	scale	2
light		color	255	255	255	pos	0	0	60	power	600
#light		color	255	255	255	pos	0	0	80	power	600
#light		color	255	255	255	pos	1	1	17	power	1
#light		color	255	255	255	pos	1	1	17	power	1
#light		color	255	255	255	pos	1	1	17	power	1
#light		color	130	130	130	pos	-3	-3	-2	power	1
#light		color	255	255	255	pos	0	0	5	power	4
CAMEra			pos 0	0	0		rot 0 0 0


#
#
          
 cube pos 4 5 6 rot 7 8 9 color 66 66 0	scale	1
