# **************************************************************************** #
#                                                                              #
#                                                         :::      ::::::::    #
#    test.map                                           :+:      :+:    :+:    #
#                                                     +:+ +:+         +:+      #
#    By: ccazuc <marvin@42.fr>                      +#+  +:+       +#+         #
#                                                 +#+#+#+#+#+   +#+            #
#    Created: 2017/11/15 13:46:35 by ccazuc            #+#    #+#              #
#    Updated: 2017/11/23 07:48:07 by ccazuc           ###   ########.fr        #
#                                                                              #
# **************************************************************************** #

trIanGLE	color	1	2	3	pos	4	5	6	rot	7	8	9	scale	1
sphere		color	255	0	100	pos	0	0	10	rot	0	0	0	scale	1
cylindre	color	255	0	0	pos	1	1	20	rot	120	120	120	scale	1

CAMEra			pos 0	0	0		rot 3 1 5


#
#
          
 cube pos 4 5 6 rot 7 8 9 color 66 66 0	scale	1
