# **************************************************************************** #
#                                                                              #
#                                                         :::      ::::::::    #
#    test2.map                                          :+:      :+:    :+:    #
#                                                     +:+ +:+         +:+      #
#    By: ccazuc <marvin@42.fr>                      +#+  +:+       +#+         #
#                                                 +#+#+#+#+#+   +#+            #
#    Created: 2018/01/02 15:01:27 by ccazuc            #+#    #+#              #
#    Updated: 2018/06/15 10:41:52 by ccazuc           ###   ########.fr        #
#                                                                              #
# **************************************************************************** #

define default_trans 39

cylindre	pos	-5	0	5	color	255	0	0	scale	1	transp default_trans	
cylindre	pos	5	0	5	color	255	150	150	scale	1	transp default_trans	
sphere	pos	-5	5	5	color	255	0	0	scale	2	transp default_trans
sphere	pos	-5	-5	5	color	255	0	0	scale	2	transp	default_trans
sphere	pos	5	5	5	color	255	255	0	scale	2	transp default_trans	
sphere	pos	5	-5	5	color	255	255	0	scale	2	transp default_trans	

cylindre	pos	-5	0	30	color	255	0	255	scale	1	transp default_trans	
cylindre	pos	5	0	30	color	255	0	255	scale	1	transp default_trans	
sphere	pos	-5	5	30	color	0	255	255	scale	2	transp	default_trans
sphere	pos	-5	-5	30	color	0	255	255	scale	2	transp	default_trans
sphere	pos	5	5	30	color	0	255	0	scale	2	transp default_trans	
sphere	pos	5	-5	30	color	0	255	0	scale	2	transp default_trans	


plane	pos	0	-5	50	color	255	255	255	rot	0	0	0
plane	pos	0	0	50	color	255	255	255	rot	90	0	0
plane	pos	0	6	50	color	255	255	255	rot	0	0	0	

camera	pos	0	0	-20	rot	0	0	0
light	pos	14	-2	-30	power	3	color	255	255	255
light	pos	-14	-2	-30	power	3	color	255	255	255
