# **************************************************************************** #
#                                                                              #
#                                                         :::      ::::::::    #
#    reflection.map                                     :+:      :+:    :+:    #
#                                                     +:+ +:+         +:+      #
#    By: ccazuc <marvin@42.fr>                      +#+  +:+       +#+         #
#                                                 +#+#+#+#+#+   +#+            #
#    Created: 2018/06/22 12:07:15 by ccazuc            #+#    #+#              #
#    Updated: 2018/06/22 12:07:17 by ccazuc           ###   ########.fr        #
#                                                                              #
# **************************************************************************** #

sphere		color	255	0	0	pos	0	0	25	rot	90	0	0 refl	50 scale	8
sphere		color	0	0	255	pos	0	0	-25	rot	90	0	0 refl	50	scale	8
light		color	255	255	255	pos	0	0	15	power	15
camera			pos 0	0	16		rot 0	0	0
